// Jest Snapshot v1, https://goo.gl/fbAQLP

exports[`ConditionalRenderer matches the snapshot 1`] = `
<div>
  Rendered content
</div>
`;
