// Jest Snapshot v1, https://goo.gl/fbAQLP

exports[`CustomSelect matches snapshot 1`] = `
<select>
  <option
    value="option1"
  >
    Option 1
  </option>
  <option
    value="option2"
  >
    Option 2
  </option>
  <option
    value="option3"
  >
    Option 3
  </option>
</select>
`;
