// Jest Snapshot v1, https://goo.gl/fbAQLP

exports[`Icon does not render any component when iconType is not recognized 1`] = `null`;
